// Jest Snapshot v1, https://goo.gl/fbAQLP

exports[`GET /rest/:id Film zu vorhandener ID 1`] = `"https://desktop-tdgithv:3000/rest/1"`;
